Exit status: 0
Passed: 1
Failed: 0
Errors: 0
Skipped: 0

Passed Tests:
tests/test_welcome.py::test_welcome_route
